// Jest Snapshot v1, https://goo.gl/fbAQLP

exports[`Pruebas en <GifItem /> Debe hacer match con el snapshot 1`] = `
<div>
  <div
    class="card"
  >
    <img
      alt="Dragon Ball"
      src="https://dragonballz.com/goku.jpg"
    />
    <p>
      Dragon Ball
    </p>
  </div>
</div>
`;
